<!DOCTYPE html>
<html>
<head>
  <title>This is my about page</title>
</head>
<body>
  <nav>
    <ul>
      <li><a href="#">Home</a></li>
      <li><a href="#">About</a></li>
      <li><a href="#">Blog</a></li>
    </ul>
  </nav>
  <div id="content">
    <h1>About Me!</h1>

<p>I love JavaScript oh so much! And exclamation points!</p>
  </div>
</body>
</html>